../Core/Src/lcd.c:20:6:transfer_command	24	static
../Core/Src/lcd.c:38:6:transfer_data	24	static
../Core/Src/lcd.c:56:6:initial_lcd	8	static
../Core/Src/lcd.c:99:6:lcd_address	16	static
../Core/Src/lcd.c:111:6:LCD_Refresh_Gram	16	static
../Core/Src/lcd.c:126:6:LCD_GRAM_Clear	8	static
../Core/Src/lcd.c:130:6:LCD_Clear	8	static
../Core/Src/lcd.c:136:6:LCD_draw_Square	32	static
../Core/Src/lcd.c:148:6:LCD_draw_Point	24	static
../Core/Src/lcd.c:160:6:LCD_Move_DrawPoint	24	static
../Core/Src/lcd.c:171:6:LCD_Fill	32	static
../Core/Src/lcd.c:185:6:Set_Point	32	static
../Core/Src/lcd.c:207:6:LCD_ShowChar	32	static
../Core/Src/lcd.c:231:6:LCD_Show_chineseChar	24	static
../Core/Src/lcd.c:257:6:WriteA_Chinese	24	static
../Core/Src/lcd.c:278:6:LCD_ShowString	24	static
../Core/Src/lcd.c:291:6:LCD_ShowString_12	24	static
../Core/Src/lcd.c:304:6:LCD_ShowAllString	24	static
../Core/Src/lcd.c:326:6:Write_Chinese_String	24	static
../Core/Src/lcd.c:345:6:LCD_Show_CEStr	16	static
../Core/Src/lcd.c:349:6:LCD_Show_ModeCEStr	24	static
../Core/Src/lcd.c:355:6:OLED_ShowString	32	static
../Core/Src/lcd.c:382:6:swap_int	16	static
../Core/Src/lcd.c:391:6:LCD_DrawLine	64	static
../Core/Src/lcd.c:465:6:LCD_DrawRectangle	32	static
../Core/Src/lcd.c:481:6:draw_circle_8	24	static
../Core/Src/lcd.c:494:6:LCD_Drawcircle	48	static
